2026-01-12 19:03:33,836 ERROR jk_sistema: Erro ao adicionar botão de logout
Traceback (most recent call last):
  File "c:\Users\Gamer\Desktop\JK 1.3\app.py", line 316, in <module>
    authenticator.logout("Sair", "sidebar")
  File "C:\Users\Gamer\AppData\Local\Programs\Python\Python312\Lib\site-packages\streamlit_authenticator\views\authentication_view.py", line 393, in logout
    raise LogoutError('User must be logged in to use the logout button')
streamlit_authenticator.utilities.exceptions.LogoutError: User must be logged in to use the logout button
2026-01-12 19:10:20,908 ERROR jk_sistema: Erro ao validar chave de ativação
Traceback (most recent call last):
  File "C:\Users\Gamer\AppData\Local\Programs\Python\Python312\Lib\site-packages\gspread\client.py", line 168, in open_by_key
    spreadsheet = Spreadsheet(self.http_client, {"id": key})
                  ^^^^^^^^^^^^^^^^^^^^^^^^^^^^^^^^^^^^^^^^^^
  File "C:\Users\Gamer\AppData\Local\Programs\Python\Python312\Lib\site-packages\gspread\spreadsheet.py", line 29, in __init__
    metadata = self.fetch_sheet_metadata()
               ^^^^^^^^^^^^^^^^^^^^^^^^^^^
  File "C:\Users\Gamer\AppData\Local\Programs\Python\Python312\Lib\site-packages\gspread\spreadsheet.py", line 230, in fetch_sheet_metadata
    return self.client.fetch_sheet_metadata(self.id, params=params)
           ^^^^^^^^^^^^^^^^^^^^^^^^^^^^^^^^^^^^^^^^^^^^^^^^^^^^^^^^
  File "C:\Users\Gamer\AppData\Local\Programs\Python\Python312\Lib\site-packages\gspread\http_client.py", line 305, in fetch_sheet_metadata
    r = self.request("get", url, params=params)
        ^^^^^^^^^^^^^^^^^^^^^^^^^^^^^^^^^^^^^^^
  File "C:\Users\Gamer\AppData\Local\Programs\Python\Python312\Lib\site-packages\gspread\http_client.py", line 128, in request
    raise APIError(response)
gspread.exceptions.APIError: APIError: [404]: Requested entity was not found.

The above exception was the direct cause of the following exception:

Traceback (most recent call last):
  File "c:\Users\Gamer\Desktop\JK 1.3\app.py", line 275, in <module>
    client.open_by_key(chave).update_title(f"{nome} - {datetime.now().strftime('%d/%m/%Y')}")
    ^^^^^^^^^^^^^^^^^^^^^^^^^
  File "C:\Users\Gamer\AppData\Local\Programs\Python\Python312\Lib\site-packages\gspread\client.py", line 171, in open_by_key
    raise SpreadsheetNotFound(ex.response) from ex
gspread.exceptions.SpreadsheetNotFound: <Response [404]>
2026-01-12 19:10:26,244 ERROR jk_sistema: Erro ao validar chave de ativação
Traceback (most recent call last):
  File "C:\Users\Gamer\AppData\Local\Programs\Python\Python312\Lib\site-packages\gspread\client.py", line 168, in open_by_key
    spreadsheet = Spreadsheet(self.http_client, {"id": key})
                  ^^^^^^^^^^^^^^^^^^^^^^^^^^^^^^^^^^^^^^^^^^
  File "C:\Users\Gamer\AppData\Local\Programs\Python\Python312\Lib\site-packages\gspread\spreadsheet.py", line 29, in __init__
    metadata = self.fetch_sheet_metadata()
               ^^^^^^^^^^^^^^^^^^^^^^^^^^^
  File "C:\Users\Gamer\AppData\Local\Programs\Python\Python312\Lib\site-packages\gspread\spreadsheet.py", line 230, in fetch_sheet_metadata
    return self.client.fetch_sheet_metadata(self.id, params=params)
           ^^^^^^^^^^^^^^^^^^^^^^^^^^^^^^^^^^^^^^^^^^^^^^^^^^^^^^^^
  File "C:\Users\Gamer\AppData\Local\Programs\Python\Python312\Lib\site-packages\gspread\http_client.py", line 305, in fetch_sheet_metadata
    r = self.request("get", url, params=params)
        ^^^^^^^^^^^^^^^^^^^^^^^^^^^^^^^^^^^^^^^
  File "C:\Users\Gamer\AppData\Local\Programs\Python\Python312\Lib\site-packages\gspread\http_client.py", line 128, in request
    raise APIError(response)
gspread.exceptions.APIError: APIError: [404]: Requested entity was not found.

The above exception was the direct cause of the following exception:

Traceback (most recent call last):
  File "c:\Users\Gamer\Desktop\JK 1.3\app.py", line 275, in <module>
    client.open_by_key(chave).update_title(f"{nome} - {datetime.now().strftime('%d/%m/%Y')}")
    ^^^^^^^^^^^^^^^^^^^^^^^^^
  File "C:\Users\Gamer\AppData\Local\Programs\Python\Python312\Lib\site-packages\gspread\client.py", line 171, in open_by_key
    raise SpreadsheetNotFound(ex.response) from ex
gspread.exceptions.SpreadsheetNotFound: <Response [404]>
2026-01-12 19:11:19,087 ERROR jk_sistema: Erro ao validar chave de ativação
Traceback (most recent call last):
  File "C:\Users\Gamer\AppData\Local\Programs\Python\Python312\Lib\site-packages\gspread\client.py", line 168, in open_by_key
    spreadsheet = Spreadsheet(self.http_client, {"id": key})
                  ^^^^^^^^^^^^^^^^^^^^^^^^^^^^^^^^^^^^^^^^^^
  File "C:\Users\Gamer\AppData\Local\Programs\Python\Python312\Lib\site-packages\gspread\spreadsheet.py", line 29, in __init__
    metadata = self.fetch_sheet_metadata()
               ^^^^^^^^^^^^^^^^^^^^^^^^^^^
  File "C:\Users\Gamer\AppData\Local\Programs\Python\Python312\Lib\site-packages\gspread\spreadsheet.py", line 230, in fetch_sheet_metadata
    return self.client.fetch_sheet_metadata(self.id, params=params)
           ^^^^^^^^^^^^^^^^^^^^^^^^^^^^^^^^^^^^^^^^^^^^^^^^^^^^^^^^
  File "C:\Users\Gamer\AppData\Local\Programs\Python\Python312\Lib\site-packages\gspread\http_client.py", line 305, in fetch_sheet_metadata
    r = self.request("get", url, params=params)
        ^^^^^^^^^^^^^^^^^^^^^^^^^^^^^^^^^^^^^^^
  File "C:\Users\Gamer\AppData\Local\Programs\Python\Python312\Lib\site-packages\gspread\http_client.py", line 128, in request
    raise APIError(response)
gspread.exceptions.APIError: APIError: [404]: Requested entity was not found.

The above exception was the direct cause of the following exception:

Traceback (most recent call last):
  File "c:\Users\Gamer\Desktop\JK 1.3\app.py", line 275, in <module>
    client.open_by_key(chave).update_title(f"{nome} - {datetime.now().strftime('%d/%m/%Y')}")
    ^^^^^^^^^^^^^^^^^^^^^^^^^
  File "C:\Users\Gamer\AppData\Local\Programs\Python\Python312\Lib\site-packages\gspread\client.py", line 171, in open_by_key
    raise SpreadsheetNotFound(ex.response) from ex
gspread.exceptions.SpreadsheetNotFound: <Response [404]>
2026-01-12 19:11:24,402 ERROR jk_sistema: Erro ao validar chave de ativação
Traceback (most recent call last):
  File "C:\Users\Gamer\AppData\Local\Programs\Python\Python312\Lib\site-packages\gspread\client.py", line 168, in open_by_key
    spreadsheet = Spreadsheet(self.http_client, {"id": key})
                  ^^^^^^^^^^^^^^^^^^^^^^^^^^^^^^^^^^^^^^^^^^
  File "C:\Users\Gamer\AppData\Local\Programs\Python\Python312\Lib\site-packages\gspread\spreadsheet.py", line 29, in __init__
    metadata = self.fetch_sheet_metadata()
               ^^^^^^^^^^^^^^^^^^^^^^^^^^^
  File "C:\Users\Gamer\AppData\Local\Programs\Python\Python312\Lib\site-packages\gspread\spreadsheet.py", line 230, in fetch_sheet_metadata
    return self.client.fetch_sheet_metadata(self.id, params=params)
           ^^^^^^^^^^^^^^^^^^^^^^^^^^^^^^^^^^^^^^^^^^^^^^^^^^^^^^^^
  File "C:\Users\Gamer\AppData\Local\Programs\Python\Python312\Lib\site-packages\gspread\http_client.py", line 305, in fetch_sheet_metadata
    r = self.request("get", url, params=params)
        ^^^^^^^^^^^^^^^^^^^^^^^^^^^^^^^^^^^^^^^
  File "C:\Users\Gamer\AppData\Local\Programs\Python\Python312\Lib\site-packages\gspread\http_client.py", line 128, in request
    raise APIError(response)
gspread.exceptions.APIError: APIError: [404]: Requested entity was not found.

The above exception was the direct cause of the following exception:

Traceback (most recent call last):
  File "c:\Users\Gamer\Desktop\JK 1.3\app.py", line 275, in <module>
    client.open_by_key(chave).update_title(f"{nome} - {datetime.now().strftime('%d/%m/%Y')}")
    ^^^^^^^^^^^^^^^^^^^^^^^^^
  File "C:\Users\Gamer\AppData\Local\Programs\Python\Python312\Lib\site-packages\gspread\client.py", line 171, in open_by_key
    raise SpreadsheetNotFound(ex.response) from ex
gspread.exceptions.SpreadsheetNotFound: <Response [404]>
2026-01-12 19:11:29,422 ERROR jk_sistema: Erro ao validar chave de ativação
Traceback (most recent call last):
  File "C:\Users\Gamer\AppData\Local\Programs\Python\Python312\Lib\site-packages\gspread\client.py", line 168, in open_by_key
    spreadsheet = Spreadsheet(self.http_client, {"id": key})
                  ^^^^^^^^^^^^^^^^^^^^^^^^^^^^^^^^^^^^^^^^^^
  File "C:\Users\Gamer\AppData\Local\Programs\Python\Python312\Lib\site-packages\gspread\spreadsheet.py", line 29, in __init__
    metadata = self.fetch_sheet_metadata()
               ^^^^^^^^^^^^^^^^^^^^^^^^^^^
  File "C:\Users\Gamer\AppData\Local\Programs\Python\Python312\Lib\site-packages\gspread\spreadsheet.py", line 230, in fetch_sheet_metadata
    return self.client.fetch_sheet_metadata(self.id, params=params)
           ^^^^^^^^^^^^^^^^^^^^^^^^^^^^^^^^^^^^^^^^^^^^^^^^^^^^^^^^
  File "C:\Users\Gamer\AppData\Local\Programs\Python\Python312\Lib\site-packages\gspread\http_client.py", line 305, in fetch_sheet_metadata
    r = self.request("get", url, params=params)
        ^^^^^^^^^^^^^^^^^^^^^^^^^^^^^^^^^^^^^^^
  File "C:\Users\Gamer\AppData\Local\Programs\Python\Python312\Lib\site-packages\gspread\http_client.py", line 128, in request
    raise APIError(response)
gspread.exceptions.APIError: APIError: [404]: Requested entity was not found.

The above exception was the direct cause of the following exception:

Traceback (most recent call last):
  File "c:\Users\Gamer\Desktop\JK 1.3\app.py", line 275, in <module>
    client.open_by_key(chave).update_title(f"{nome} - {datetime.now().strftime('%d/%m/%Y')}")
    ^^^^^^^^^^^^^^^^^^^^^^^^^
  File "C:\Users\Gamer\AppData\Local\Programs\Python\Python312\Lib\site-packages\gspread\client.py", line 171, in open_by_key
    raise SpreadsheetNotFound(ex.response) from ex
gspread.exceptions.SpreadsheetNotFound: <Response [404]>
2026-01-12 20:16:14,263 ERROR jk_sistema: Erro ao validar chave de ativação
Traceback (most recent call last):
  File "C:\Users\Gamer\AppData\Local\Programs\Python\Python312\Lib\site-packages\gspread\client.py", line 168, in open_by_key
    spreadsheet = Spreadsheet(self.http_client, {"id": key})
                  ^^^^^^^^^^^^^^^^^^^^^^^^^^^^^^^^^^^^^^^^^^
  File "C:\Users\Gamer\AppData\Local\Programs\Python\Python312\Lib\site-packages\gspread\spreadsheet.py", line 29, in __init__
    metadata = self.fetch_sheet_metadata()
               ^^^^^^^^^^^^^^^^^^^^^^^^^^^
  File "C:\Users\Gamer\AppData\Local\Programs\Python\Python312\Lib\site-packages\gspread\spreadsheet.py", line 230, in fetch_sheet_metadata
    return self.client.fetch_sheet_metadata(self.id, params=params)
           ^^^^^^^^^^^^^^^^^^^^^^^^^^^^^^^^^^^^^^^^^^^^^^^^^^^^^^^^
  File "C:\Users\Gamer\AppData\Local\Programs\Python\Python312\Lib\site-packages\gspread\http_client.py", line 305, in fetch_sheet_metadata
    r = self.request("get", url, params=params)
        ^^^^^^^^^^^^^^^^^^^^^^^^^^^^^^^^^^^^^^^
  File "C:\Users\Gamer\AppData\Local\Programs\Python\Python312\Lib\site-packages\gspread\http_client.py", line 128, in request
    raise APIError(response)
gspread.exceptions.APIError: APIError: [404]: Requested entity was not found.

The above exception was the direct cause of the following exception:

Traceback (most recent call last):
  File "C:\Users\Gamer\Desktop\JK 1.3\app.py", line 275, in <module>
    client.open_by_key(chave).update_title(f"{nome} - {datetime.now().strftime('%d/%m/%Y')}")
    ^^^^^^^^^^^^^^^^^^^^^^^^^
  File "C:\Users\Gamer\AppData\Local\Programs\Python\Python312\Lib\site-packages\gspread\client.py", line 171, in open_by_key
    raise SpreadsheetNotFound(ex.response) from ex
gspread.exceptions.SpreadsheetNotFound: <Response [404]>
2026-01-16 13:09:30,784 WARNING jk_sistema: Falha trocar token: 400 {"error":{"type":"VALIDATION_ERROR","message":"Invalid authorization code","description":"This authorization code has already been used, for security reasons the user has been revoked."}}
2026-01-16 16:13:22,846 WARNING jk_sistema: Falha trocar token: 400 {"error":{"type":"invalid_client","message":"invalid_client","description":"The client credentials are invalid"}}
2026-01-16 16:16:18,389 WARNING jk_sistema: Falha trocar token: 400 {"error":{"type":"invalid_client","message":"invalid_client","description":"The client credentials are invalid"}}
2026-01-18 10:45:26,890 INFO jk_sistema: Buscando anúncios para 'Sensor Temperatura Cebolão Radiador Cb500 Hornet' na URL: https://lista.mercadolivre.com.br/Sensor-Temperatura-Cebolão-Radiador-Cb500-Hornet
2026-01-18 10:45:29,617 INFO jk_sistema: Encontrados 14 itens na página de resultados.
2026-01-18 10:45:29,635 INFO jk_sistema: Extraídos 0 anúncios com sucesso.
2026-01-18 10:48:21,135 ERROR jk_sistema: Erro lendo planilha de estoque
Traceback (most recent call last):
  File "c:\Users\Trend\Desktop\JK 1.3.1\app.py", line 417, in page_conferencia_estoque
    dados = sheet.get_all_records()
            ^^^^^^^^^^^^^^^^^^^^^^^
  File "C:\Users\Trend\AppData\Local\Programs\Python\Python312\Lib\site-packages\gspread\worksheet.py", line 519, in get_all_records
    raise GSpreadException("the given 'expected_headers' are not uniques")
gspread.exceptions.GSpreadException: the given 'expected_headers' are not uniques
2026-01-18 10:48:45,604 ERROR jk_sistema: Erro lendo planilha de estoque
Traceback (most recent call last):
  File "c:\Users\Trend\Desktop\JK 1.3.1\app.py", line 417, in page_conferencia_estoque
    dados = sheet.get_all_records()
            ^^^^^^^^^^^^^^^^^^^^^^^
  File "C:\Users\Trend\AppData\Local\Programs\Python\Python312\Lib\site-packages\gspread\worksheet.py", line 519, in get_all_records
    raise GSpreadException("the given 'expected_headers' are not uniques")
gspread.exceptions.GSpreadException: the given 'expected_headers' are not uniques
2026-01-18 10:50:16,603 INFO jk_sistema: Buscando anúncios para 'Sensor Temperatura Cebolão Radiador Cb500 Hornet' na URL: https://lista.mercadolivre.com.br/Sensor-Temperatura-Cebolão-Radiador-Cb500-Hornet
2026-01-18 10:50:19,167 INFO jk_sistema: Tentativa com 'li.ui-search-layout__item': 14 itens encontrados.
2026-01-18 10:50:19,182 INFO jk_sistema: Extraídos 0 anúncios com sucesso.
2026-01-18 10:54:49,805 INFO jk_sistema: Buscando anúncios para 'Sensor Temperatura Cebolão Radiador Cb500 Hornet' na URL: https://lista.mercadolivre.com.br/Sensor-Temperatura-Cebolão-Radiador-Cb500-Hornet
2026-01-18 10:54:52,532 INFO jk_sistema: Tentativa com 'li.ui-search-layout__item': 14 itens encontrados.
2026-01-18 10:54:52,532 WARNING jk_sistema: Não foi possível extrair dados de um item. HTML do item:
2026-01-18 10:54:52,532 WARNING jk_sistema: Não foi possível extrair dados de um item. HTML do item:
2026-01-18 10:54:52,549 WARNING jk_sistema: Não foi possível extrair dados de um item. HTML do item:
2026-01-18 10:54:52,551 WARNING jk_sistema: Não foi possível extrair dados de um item. HTML do item:
2026-01-18 10:54:52,551 WARNING jk_sistema: Não foi possível extrair dados de um item. HTML do item:
2026-01-18 10:54:52,551 WARNING jk_sistema: Não foi possível extrair dados de um item. HTML do item:
2026-01-18 10:54:52,551 WARNING jk_sistema: Não foi possível extrair dados de um item. HTML do item:
2026-01-18 10:54:52,565 WARNING jk_sistema: Não foi possível extrair dados de um item. HTML do item:
2026-01-18 10:54:52,566 WARNING jk_sistema: Não foi possível extrair dados de um item. HTML do item:
2026-01-18 10:54:52,566 WARNING jk_sistema: Não foi possível extrair dados de um item. HTML do item:
2026-01-18 10:54:52,566 WARNING jk_sistema: Não foi possível extrair dados de um item. HTML do item:
2026-01-18 10:54:52,566 WARNING jk_sistema: Não foi possível extrair dados de um item. HTML do item:
2026-01-18 10:54:52,566 WARNING jk_sistema: Não foi possível extrair dados de um item. HTML do item:
2026-01-18 10:54:52,566 WARNING jk_sistema: Não foi possível extrair dados de um item. HTML do item:
2026-01-18 10:54:52,566 INFO jk_sistema: Extraídos 0 anúncios com sucesso.
2026-01-18 10:57:53,935 INFO jk_sistema: Buscando anúncios para 'Sensor Temperatura Cebolão Radiador Cb500 Hornet' na URL: https://lista.mercadolivre.com.br/Sensor-Temperatura-Cebolão-Radiador-Cb500-Hornet
2026-01-18 10:57:56,441 INFO jk_sistema: Tentativa com 'li.ui-search-layout__item': 14 itens encontrados.
2026-01-18 10:57:56,445 WARNING jk_sistema: Não foi possível extrair dados de um item. HTML do item:
2026-01-18 10:57:56,447 WARNING jk_sistema: Não foi possível extrair dados de um item. HTML do item:
2026-01-18 10:57:56,451 WARNING jk_sistema: Não foi possível extrair dados de um item. HTML do item:
2026-01-18 10:57:56,453 WARNING jk_sistema: Não foi possível extrair dados de um item. HTML do item:
2026-01-18 10:57:56,453 WARNING jk_sistema: Não foi possível extrair dados de um item. HTML do item:
2026-01-18 10:57:56,453 WARNING jk_sistema: Não foi possível extrair dados de um item. HTML do item:
2026-01-18 10:57:56,453 WARNING jk_sistema: Não foi possível extrair dados de um item. HTML do item:
2026-01-18 10:57:56,453 WARNING jk_sistema: Não foi possível extrair dados de um item. HTML do item:
2026-01-18 10:57:56,469 WARNING jk_sistema: Não foi possível extrair dados de um item. HTML do item:
2026-01-18 10:57:56,470 WARNING jk_sistema: Não foi possível extrair dados de um item. HTML do item:
2026-01-18 10:57:56,470 WARNING jk_sistema: Não foi possível extrair dados de um item. HTML do item:
2026-01-18 10:57:56,470 WARNING jk_sistema: Não foi possível extrair dados de um item. HTML do item:
2026-01-18 10:57:56,470 WARNING jk_sistema: Não foi possível extrair dados de um item. HTML do item:
2026-01-18 10:57:56,486 WARNING jk_sistema: Não foi possível extrair dados de um item. HTML do item:
2026-01-18 10:57:56,486 INFO jk_sistema: Extraídos 0 anúncios com sucesso.
